[36mvite v7.3.0 [32mbuilding client environment for production...[36m[39m
transforming...
[32mΓ£ô[39m 1097 modules transformed.
npx : [31mΓ£ù[39m Build 
failed in 3.81s
At line:1 char:1
+ npx vite build 2>&1 > "C:\Us
ers\lmbua\Downloads\EventFront
end\build_e ...
+ ~~~~~~~~~~~~~~~~~~~~~~~~~~~~
~~~~~~~~~~~~~~~~~~~~~~~~~~~~~~
~~~~~~~~~~~
    + CategoryInfo          : 
    NotSpecified: ([31mΓ£ù  
  [39m Build failed in 3.81   
 s:String) [], RemoteExcep    
tion
    + FullyQualifiedErrorId : 
    NativeCommandError
 
[31merror during build:
[31mCould not resolve "./icon
s/square-arrow-right.js" from 
"node_modules/lucide-react/dis
t/esm/lucide-react.js"[31m
file: [36mC:/Users/lmbua/Down
loads/EventFrontend/app/node_m
odules/lucide-react/dist/esm/l
ucide-react.js[31m
    at getRollupError (file://
/C:/Users/lmbua/Downloads/Even
tFrontend/app/node_modules/rol
lup/dist/es/shared/parseAst.js
:401:41)
    at error (file:///C:/Users
/lmbua/Downloads/EventFrontend
/app/node_modules/rollup/dist/
es/shared/parseAst.js:397:42)
    at ModuleLoader.handleInva
lidResolvedId (file:///C:/User
s/lmbua/Downloads/EventFronten
d/app/node_modules/rollup/dist
/es/shared/node-entry.js:21710
:24)
    at file:///C:/Users/lmbua/
Downloads/EventFrontend/app/no
de_modules/rollup/dist/es/shar
ed/node-entry.js:21670:26[39m
