[36mvite v7.3.0 [32mbuilding client environment for development...[36m[39m
transforming...
[32mΓ£ô[39m 3966 modules transformed.
rendering chunks...
computing gzip size...
[2mdist/[22m[32mindex.html                                  [39m[1m[2m    0.47 kB[22m[1m[22m[2m Γöé gzip:   0.33 kB[22m
[2mdist/[22m[32massets/strathmore-logo-B4t2YxAx.png         [39m[1m[2m   13.64 kB[22m[1m[22m
[2mdist/[22m[32massets/strathmore-hero-BxzUcDwZ.jpg         [39m[1m[2m2,514.87 kB[22m[1m[22m
[2mdist/[22m[35massets/index-DE5G5tGu.css                   [39m[1m[2m  139.05 kB[22m[1m[22m[2m Γöé gzip:  22.41 kB[22m
[2mdist/[22m[36massets/check-De-Xjmh9.js                    [39m[1m[2m    0.12 kB[22m[1m[22m[2m Γöé gzip:   0.14 kB[22m
[2mdist/[22m[36massets/chevron-up-Bezw1jnE.js               [39m[1m[2m    0.13 kB[22m[1m[22m[2m Γöé gzip:   0.14 kB[22m
[2mdist/[22m[36massets/chevron-down-DRUuuGGE.js             [39m[1m[2m    0.13 kB[22m[1m[22m[2m Γöé gzip:   0.14 kB[22m
[2mdist/[22m[36massets/chevron-right-CGG0BILb.js            [39m[1m[2m    0.13 kB[22m[1m[22m[2m Γöé gzip:   0.14 kB[22m
[2mdist/[22m[36massets/clock-BEw6ROcd.js                    [39m[1m[2m    0.17 kB[22m[1m[22m[2m Γöé gzip:   0.16 kB[22m
[2mdist/[22m[36massets/arrow-left-ZNS0qnJi.js               [39m[1m[2m    0.17 kB[22m[1m[22m[2m Γöé gzip:   0.16 kB[22m
[2mdist/[22m[36massets/smartphone-CP7Xn2en.js               [39m[1m[2m    0.20 kB[22m[1m[22m[2m Γöé gzip:   0.18 kB[22m
[2mdist/[22m[36massets/lock-DwN2O2Nr.js                     [39m[1m[2m    0.20 kB[22m[1m[22m[2m Γöé gzip:   0.19 kB[22m
[2mdist/[22m[36massets/circle-x-4r9rBbEq.js                 [39m[1m[2m    0.20 kB[22m[1m[22m[2m Γöé gzip:   0.18 kB[22m
[2mdist/[22m[36massets/mail-CACxSwQr.js                     [39m[1m[2m    0.21 kB[22m[1m[22m[2m Γöé gzip:   0.20 kB[22m
[2mdist/[22m[36massets/circle-alert-Ciyq5q7H.js             [39m[1m[2m    0.25 kB[22m[1m[22m[2m Γöé gzip:   0.19 kB[22m
[2mdist/[22m[36massets/eye-D3qwb4NL.js                      [39m[1m[2m    0.25 kB[22m[1m[22m[2m Γöé gzip:   0.20 kB[22m
[2mdist/[22m[36massets/link-DToFuwt6.js                     [39m[1m[2m    0.26 kB[22m[1m[22m[2m Γöé gzip:   0.19 kB[22m
[2mdist/[22m[36massets/zap-C1ENDaj6.js                      [39m[1m[2m    0.26 kB[22m[1m[22m[2m Γöé gzip:   0.21 kB[22m
[2mdist/[22m[36massets/wallet-8stPkzL7.js                   [39m[1m[2m    0.29 kB[22m[1m[22m[2m Γöé gzip:   0.21 kB[22m
[2mdist/[22m[36massets/tag-UMx4uxyl.js                      [39m[1m[2m    0.32 kB[22m[1m[22m[2m Γöé gzip:   0.25 kB[22m
[2mdist/[22m[36massets/save-DW6jMzgc.js                     [39m[1m[2m    0.33 kB[22m[1m[22m[2m Γöé gzip:   0.23 kB[22m
[2mdist/[22m[36massets/list-DTwyb0zW.js                     [39m[1m[2m    0.39 kB[22m[1m[22m[2m Γöé gzip:   0.24 kB[22m
[2mdist/[22m[36massets/index-CDUBkGKO.js                    [39m[1m[2m    0.40 kB[22m[1m[22m[2m Γöé gzip:   0.27 kB[22m
[2mdist/[22m[36massets/eye-off-CXGff5Mj.js                  [39m[1m[2m    0.43 kB[22m[1m[22m[2m Γöé gzip:   0.27 kB[22m
[2mdist/[22m[36massets/input-CMP2VIAm.js                    [39m[1m[2m    0.91 kB[22m[1m[22m[2m Γöé gzip:   0.51 kB[22m
[2mdist/[22m[36massets/index-CYe41Txu.js                    [39m[1m[2m    1.09 kB[22m[1m[22m[2m Γöé gzip:   0.68 kB[22m
[2mdist/[22m[36massets/card-CQ_7vdT1.js                     [39m[1m[2m    2.08 kB[22m[1m[22m[2m Γöé gzip:   0.84 kB[22m
[2mdist/[22m[36massets/LoginPage-DAjVcDEK.js                [39m[1m[2m    2.60 kB[22m[1m[22m[2m Γöé gzip:   1.15 kB[22m
[2mdist/[22m[36massets/SignUpPage-DWwT5ZhJ.js               [39m[1m[2m    2.67 kB[22m[1m[22m[2m Γöé gzip:   1.13 kB[22m
[2mdist/[22m[36massets/NotFoundPage-DoR2Bg7F.js             [39m[1m[2m    2.84 kB[22m[1m[22m[2m Γöé gzip:   1.06 kB[22m
[2mdist/[22m[36massets/ForgotPasswordPage-CymIjADB.js       [39m[1m[2m    3.75 kB[22m[1m[22m[2m Γöé gzip:   1.32 kB[22m
[2mdist/[22m[36massets/FindTicketPage-CfZuJmNQ.js           [39m[1m[2m    3.88 kB[22m[1m[22m[2m Γöé gzip:   1.54 kB[22m
[2mdist/[22m[36massets/EmailVerificationPage-CCjNSnn1.js    [39m[1m[2m    4.04 kB[22m[1m[22m[2m Γöé gzip:   1.27 kB[22m
[2mdist/[22m[36massets/button-BPWpzktu.js                   [39m[1m[2m    4.11 kB[22m[1m[22m[2m Γöé gzip:   1.84 kB[22m
[2mdist/[22m[36massets/MyTicketsPage-h356gPGG.js            [39m[1m[2m    4.25 kB[22m[1m[22m[2m Γöé gzip:   1.27 kB[22m
[2mdist/[22m[36massets/SearchResultsPage-CznmfvXn.js        [39m[1m[2m    5.67 kB[22m[1m[22m[2m Γöé gzip:   1.58 kB[22m
[2mdist/[22m[36massets/ForcePasswordResetPage-DrajaprY.js   [39m[1m[2m    5.85 kB[22m[1m[22m[2m Γöé gzip:   1.72 kB[22m
[2mdist/[22m[36massets/AuthForm-u5cbcMNl.js                 [39m[1m[2m    5.95 kB[22m[1m[22m[2m Γöé gzip:   1.90 kB[22m
[2mdist/[22m[36massets/OrganizerCheckInLanding-S3EBFPVU.js  [39m[1m[2m    6.29 kB[22m[1m[22m[2m Γöé gzip:   1.72 kB[22m
[2mdist/[22m[36massets/ResetPasswordPage-DeUd9csT.js        [39m[1m[2m    6.57 kB[22m[1m[22m[2m Γöé gzip:   2.13 kB[22m
[2mdist/[22m[36massets/AccountSettingsPage-L3cD2xFQ.js      [39m[1m[2m    8.76 kB[22m[1m[22m[2m Γöé gzip:   2.39 kB[22m
[2mdist/[22m[36massets/TicketVerificationPage-BVST-M1I.js   [39m[1m[2m    9.50 kB[22m[1m[22m[2m Γöé gzip:   2.67 kB[22m
[2mdist/[22m[36massets/OrganizerProfilePage-CiMvdfq0.js     [39m[1m[2m   11.68 kB[22m[1m[22m[2m Γöé gzip:   2.80 kB[22m
[2mdist/[22m[36massets/CheckInPage-URVSzf8z.js              [39m[1m[2m   23.03 kB[22m[1m[22m[2m Γöé gzip:   6.43 kB[22m
[2mdist/[22m[36massets/HostEventLandingPage-MBMmnca6.js     [39m[1m[2m   23.84 kB[22m[1m[22m[2m Γöé gzip:   4.45 kB[22m
[2mdist/[22m[36massets/ConfirmationPage-B6C8Ud_l.js         [39m[1m[2m   26.97 kB[22m[1m[22m[2m Γöé gzip:   9.32 kB[22m
[2mdist/[22m[36massets/CheckoutPage-Dcqr9kIx.js             [39m[1m[2m   37.06 kB[22m[1m[22m[2m Γöé gzip:  10.63 kB[22m
[2mdist/[22m[36massets/OrganizerHeader-ChMs8Sqz.js          [39m[1m[2m   39.54 kB[22m[1m[22m[2m Γöé gzip:  11.56 kB[22m
[2mdist/[22m[36massets/EventDetailPage-DrsahcYN.js          [39m[1m[2m   51.14 kB[22m[1m[22m[2m Γöé gzip:  11.52 kB[22m
[2mdist/[22m[36massets/Combination-CJgGt38U.js              [39m[1m[2m   54.13 kB[22m[1m[22m[2m Γöé gzip:  19.72 kB[22m
[2mdist/[22m[36massets/CreateEventPage-DtzuXAGX.js          [39m[1m[2m   68.96 kB[22m[1m[22m[2m Γöé gzip:  13.97 kB[22m
[2mdist/[22m[36massets/EventsPage-D6NqtKgs.js               [39m[1m[2m   93.62 kB[22m[1m[22m[2m Γöé gzip:  27.65 kB[22m
[2mdist/[22m[36massets/index-B3l3cdJ2.js                    [39m[1m[33m  571.05 kB[39m[22m[2m Γöé gzip: 175.77 kB[22m
[2mdist/[22m[36massets/OrganizerDashboardPage-CFrNRvHr.js   [39m[1m[33m  688.50 kB[39m[22m[2m Γöé gzip: 168.14 kB[22m
npx : [33m
At line:1 char:1
+ npx vite build --mode 
development 2>&1 > 
build_output.txt; Get-Conten 
...
+ ~~~~~~~~~~~~~~~~~~~~~~~~~~~~
~~~~~~~~~~~~~~~~~~~~~~~~~~~~~
    + CategoryInfo          : 
    NotSpecified: ([33m:Str  
  ing) [], RemoteException
    + FullyQualifiedErrorId : 
    NativeCommandError
 
(!) Some chunks are larger 
than 500 kB after 
minification. Consider:
- Using dynamic import() to 
code-split the application
- Use build.rollupOptions.outp
ut.manualChunks to improve 
chunking: https://rollupjs.org
/configuration-options/#output
-manualchunks
- Adjust chunk size limit for 
this warning via build.chunkSi
zeWarningLimit.[39m
[32mΓ£ô built in 13.48s[39m
