src/components/organizer/EventForm.jsx(662,1): error TS1128: Declaration or statement expected.
